------------------------------------------------------------
Timing Analyzer Summary
------------------------------------------------------------

Type  : Slow 1200mV 85C Model Setup 'rx_pll|altpll_component|auto_generated|pll1|clk[0]'
Slack : -2.032
TNS   : -40.940

Type  : Slow 1200mV 85C Model Setup 'eth_rxc'
Slack : 1.898
TNS   : 0.000

Type  : Slow 1200mV 85C Model Setup 'clk'
Slack : 9.147
TNS   : 0.000

Type  : Slow 1200mV 85C Model Setup 'altera_reserved_tck'
Slack : 43.415
TNS   : 0.000

Type  : Slow 1200mV 85C Model Hold 'eth_rxc'
Slack : -0.691
TNS   : -1.371

Type  : Slow 1200mV 85C Model Hold 'clk'
Slack : 0.422
TNS   : 0.000

Type  : Slow 1200mV 85C Model Hold 'rx_pll|altpll_component|auto_generated|pll1|clk[0]'
Slack : 0.446
TNS   : 0.000

Type  : Slow 1200mV 85C Model Hold 'altera_reserved_tck'
Slack : 0.453
TNS   : 0.000

Type  : Slow 1200mV 85C Model Recovery 'altera_reserved_tck'
Slack : 96.053
TNS   : 0.000

Type  : Slow 1200mV 85C Model Removal 'altera_reserved_tck'
Slack : 1.393
TNS   : 0.000

Type  : Slow 1200mV 85C Model Minimum Pulse Width 'eth_rxc'
Slack : 3.663
TNS   : 0.000

Type  : Slow 1200mV 85C Model Minimum Pulse Width 'rx_pll|altpll_component|auto_generated|pll1|clk[0]'
Slack : 3.689
TNS   : 0.000

Type  : Slow 1200mV 85C Model Minimum Pulse Width 'clk'
Slack : 9.594
TNS   : 0.000

Type  : Slow 1200mV 85C Model Minimum Pulse Width 'altera_reserved_tck'
Slack : 49.388
TNS   : 0.000

Type  : Slow 1200mV 0C Model Setup 'rx_pll|altpll_component|auto_generated|pll1|clk[0]'
Slack : -1.160
TNS   : -21.391

Type  : Slow 1200mV 0C Model Setup 'eth_rxc'
Slack : 1.703
TNS   : 0.000

Type  : Slow 1200mV 0C Model Setup 'clk'
Slack : 9.933
TNS   : 0.000

Type  : Slow 1200mV 0C Model Setup 'altera_reserved_tck'
Slack : 43.830
TNS   : 0.000

Type  : Slow 1200mV 0C Model Hold 'eth_rxc'
Slack : -0.374
TNS   : -0.735

Type  : Slow 1200mV 0C Model Hold 'clk'
Slack : 0.385
TNS   : 0.000

Type  : Slow 1200mV 0C Model Hold 'rx_pll|altpll_component|auto_generated|pll1|clk[0]'
Slack : 0.398
TNS   : 0.000

Type  : Slow 1200mV 0C Model Hold 'altera_reserved_tck'
Slack : 0.401
TNS   : 0.000

Type  : Slow 1200mV 0C Model Recovery 'altera_reserved_tck'
Slack : 96.364
TNS   : 0.000

Type  : Slow 1200mV 0C Model Removal 'altera_reserved_tck'
Slack : 1.246
TNS   : 0.000

Type  : Slow 1200mV 0C Model Minimum Pulse Width 'rx_pll|altpll_component|auto_generated|pll1|clk[0]'
Slack : 3.666
TNS   : 0.000

Type  : Slow 1200mV 0C Model Minimum Pulse Width 'eth_rxc'
Slack : 3.668
TNS   : 0.000

Type  : Slow 1200mV 0C Model Minimum Pulse Width 'clk'
Slack : 9.595
TNS   : 0.000

Type  : Slow 1200mV 0C Model Minimum Pulse Width 'altera_reserved_tck'
Slack : 49.229
TNS   : 0.000

Type  : Fast 1200mV 0C Model Setup 'rx_pll|altpll_component|auto_generated|pll1|clk[0]'
Slack : 0.425
TNS   : 0.000

Type  : Fast 1200mV 0C Model Setup 'eth_rxc'
Slack : 2.062
TNS   : 0.000

Type  : Fast 1200mV 0C Model Setup 'clk'
Slack : 15.248
TNS   : 0.000

Type  : Fast 1200mV 0C Model Setup 'altera_reserved_tck'
Slack : 47.487
TNS   : 0.000

Type  : Fast 1200mV 0C Model Hold 'clk'
Slack : 0.138
TNS   : 0.000

Type  : Fast 1200mV 0C Model Hold 'eth_rxc'
Slack : 0.138
TNS   : 0.000

Type  : Fast 1200mV 0C Model Hold 'rx_pll|altpll_component|auto_generated|pll1|clk[0]'
Slack : 0.148
TNS   : 0.000

Type  : Fast 1200mV 0C Model Hold 'altera_reserved_tck'
Slack : 0.186
TNS   : 0.000

Type  : Fast 1200mV 0C Model Recovery 'altera_reserved_tck'
Slack : 98.155
TNS   : 0.000

Type  : Fast 1200mV 0C Model Removal 'altera_reserved_tck'
Slack : 0.575
TNS   : 0.000

Type  : Fast 1200mV 0C Model Minimum Pulse Width 'eth_rxc'
Slack : 3.373
TNS   : 0.000

Type  : Fast 1200mV 0C Model Minimum Pulse Width 'rx_pll|altpll_component|auto_generated|pll1|clk[0]'
Slack : 3.734
TNS   : 0.000

Type  : Fast 1200mV 0C Model Minimum Pulse Width 'clk'
Slack : 9.198
TNS   : 0.000

Type  : Fast 1200mV 0C Model Minimum Pulse Width 'altera_reserved_tck'
Slack : 49.279
TNS   : 0.000

------------------------------------------------------------
